2026-08-08 03:28:50,034 INFO Set uid to user 0 succeeded
2026-08-08 03:28:50,036 INFO supervisord started with pid 1
2026-08-08 03:28:51,039 INFO spawned: 'nginx' with pid 67
2026-08-08 03:28:51,039 INFO reaped unknown pid 30
2026-08-08 03:28:52,054 INFO success: nginx entered RUNNING state, process has stayed up for > than 1 seconds (startsecs)
2026-08-08 03:33:16,312 WARN received SIGTERM indicating exit request
2026-08-08 03:33:16,312 INFO waiting for nginx to die
2026-08-08 03:33:16,316 INFO stopped: nginx (exit status 0)
2026-08-08 03:35:11,054 INFO Set uid to user 0 succeeded
2026-08-08 03:35:11,055 INFO supervisord started with pid 1
2026-08-08 03:35:12,057 INFO spawned: 'nginx' with pid 67
2026-08-08 03:35:13,069 INFO success: nginx entered RUNNING state, process has stayed up for > than 1 seconds (startsecs)
2026-08-08 03:43:54,582 WARN received SIGTERM indicating exit request
2026-08-08 03:43:54,583 INFO waiting for nginx to die
2026-08-08 03:43:54,589 INFO stopped: nginx (exit status 0)
2026-08-08 03:45:37,419 INFO Set uid to user 0 succeeded
2026-08-08 03:45:37,421 INFO supervisord started with pid 1
2026-08-08 03:45:38,423 INFO spawned: 'nginx' with pid 68
2026-08-08 03:45:38,423 INFO reaped unknown pid 30
2026-08-08 03:45:39,435 INFO success: nginx entered RUNNING state, process has stayed up for > than 1 seconds (startsecs)
2026-08-08 03:51:28,916 INFO Set uid to user 0 succeeded
2026-08-08 03:51:28,919 INFO supervisord started with pid 1
2026-08-08 03:51:29,922 INFO spawned: 'nginx' with pid 61
2026-08-08 03:51:30,941 INFO success: nginx entered RUNNING state, process has stayed up for > than 1 seconds (startsecs)
